// Vitest Snapshot v1, https://vitest.dev/guide/snapshot.html

exports[`DataSourceStaticView > Calls API and renders search results 1`] = `
<main class="flex flex-col p-8 w-full">
  <h1 class="flex justify-start mt-2 w-full">Calls for Service for Chicago Police Department - IL</h1>
  <button class="pdap-button pdap-button-secondary new-search">
    <i class="fa fa-plus"></i> New search
  </button>
  <div alignment="center" class="grid grid-cols-1 w-full auto-rows-auto gap-4 mx-auto items-start md:grid-cols-2 lg:grid-cols-3">
    <!-- Each card -->
    <div class="flex self-stretch flex-col text-lg">
      <div class="border border-neutral-400 h-full leading-snug p-3 mt-8">
        <h2 class="text-xl font-semibold line-clamp-2">Data Type</h2><!-- Within each card, the items listed -->
        <div>
          <!-- Title -->
          <p class="large text-brand-wine dark:text-white font-semibold text-sm uppercase tracking-wider mb-0 mt-4" v:if="record.title">Record type</p><!-- If no data for this key, em-dash -->
          <!--v-if-->
          <!-- If data is an array and returned from API, loop over it and render each -->
          <!-- Otherwise, if single item returned from API, render that item  -->
          <!-- TODO: Abstract this duplicate logic into a render function (https://vuejs.org/guide/extras/render-function) to decrease repetition  -->
          <button class="pdap-button pdap-button-tertiary mt-1 py-[.125rem] px-3 rounded-full bg-brand-wine/10 dark:bg-brand-wine dark:text-white w-fit small font-normal text-lg" href="Calls for Service">Calls for Service</button>
        </div>
        <div>
          <!-- Title -->
          <p class="large text-brand-wine dark:text-white font-semibold text-sm uppercase tracking-wider mb-0 mt-4" v:if="record.title">Description</p><!-- If no data for this key, em-dash -->
          <div class="text-neutral-500"> — </div><!-- If data is an array and returned from API, loop over it and render each -->
          <!--v-if-->
        </div>
        <div>
          <!-- Title -->
          <p class="large text-brand-wine dark:text-white font-semibold text-sm uppercase tracking-wider mb-0 mt-4" v:if="record.title">Tags</p><!-- If no data for this key, em-dash -->
          <div class="text-neutral-500"> — </div><!-- If data is an array and returned from API, loop over it and render each -->
          <!--v-if-->
        </div>
      </div>
    </div>
    <div class="flex self-stretch flex-col text-lg">
      <div class="border border-neutral-400 h-full leading-snug p-3 mt-8">
        <h2 class="text-xl font-semibold line-clamp-2">Access & format</h2><!-- Within each card, the items listed -->
        <div>
          <!-- Title -->
          <p class="large text-brand-wine dark:text-white font-semibold text-sm uppercase tracking-wider mb-0 mt-4" v:if="record.title">Source URL</p><!-- If no data for this key, em-dash -->
          <!--v-if-->
          <!-- If data is an array and returned from API, loop over it and render each -->
          <!-- Otherwise, if single item returned from API, render that item  -->
          <!-- TODO: Abstract this duplicate logic into a render function (https://vuejs.org/guide/extras/render-function) to decrease repetition  -->
          <a class="w-full inline-block truncate-text" href="https://informationportal.igchicago.org/911-calls-for-cpd-service/" rel="_blank" target="_blank">https://informationportal.igchicago.org/911-calls-for-cpd-service/</a>
        </div>
        <div>
          <!-- Title -->
          <p class="large text-brand-wine dark:text-white font-semibold text-sm uppercase tracking-wider mb-0 mt-4" v:if="record.title"></p><!-- If no data for this key, em-dash -->
          <!--v-if-->
          <!-- If data is an array and returned from API, loop over it and render each -->
          <!-- Otherwise, this isn't returned from API, we need to do it ourselves -->
          <pbutton class="flex gap-4 items-center" intent="secondary">View Archives <i class="fa fa-external-link"></i>
          </pbutton>
        </div>
        <div>
          <!-- Title -->
          <p class="large text-brand-wine dark:text-white font-semibold text-sm uppercase tracking-wider mb-0 mt-4" v:if="record.title">Last Archived</p><!-- If no data for this key, em-dash -->
          <!--v-if-->
          <!-- If data is an array and returned from API, loop over it and render each -->
          <!-- Otherwise, if single item returned from API, render that item  -->
          <!-- TODO: Abstract this duplicate logic into a render function (https://vuejs.org/guide/extras/render-function) to decrease repetition  -->
          <p class href="01/03/2024">01/03/2024</p>
        </div>
        <div>
          <!-- Title -->
          <p class="large text-brand-wine dark:text-white font-semibold text-sm uppercase tracking-wider mb-0 mt-4" v:if="record.title">ReadMe URL</p><!-- If no data for this key, em-dash -->
          <div class="text-neutral-500"> — </div><!-- If data is an array and returned from API, loop over it and render each -->
          <!--v-if-->
        </div>
        <div>
          <!-- Title -->
          <p class="large text-brand-wine dark:text-white font-semibold text-sm uppercase tracking-wider mb-0 mt-4" v:if="record.title">Access Type</p><!-- If no data for this key, em-dash -->
          <!--v-if-->
          <!-- If data is an array and returned from API, loop over it and render each -->
          <div>
            <p class href="Web page">Web page</p>
          </div>
        </div>
        <div>
          <!-- Title -->
          <p class="large text-brand-wine dark:text-white font-semibold text-sm uppercase tracking-wider mb-0 mt-4" v:if="record.title">Record Formats</p><!-- If no data for this key, em-dash -->
          <div class="text-neutral-500"> — </div><!-- If data is an array and returned from API, loop over it and render each -->
          <!--v-if-->
        </div>
        <div>
          <!-- Title -->
          <p class="large text-brand-wine dark:text-white font-semibold text-sm uppercase tracking-wider mb-0 mt-4" v:if="record.title">Detail Level</p><!-- If no data for this key, em-dash -->
          <!--v-if-->
          <!-- If data is an array and returned from API, loop over it and render each -->
          <!-- Otherwise, if single item returned from API, render that item  -->
          <!-- TODO: Abstract this duplicate logic into a render function (https://vuejs.org/guide/extras/render-function) to decrease repetition  -->
          <p class href="Summarized totals">Summarized totals</p>
        </div>
        <div>
          <!-- Title -->
          <p class="large text-brand-wine dark:text-white font-semibold text-sm uppercase tracking-wider mb-0 mt-4" v:if="record.title">Size</p><!-- If no data for this key, em-dash -->
          <div class="text-neutral-500"> — </div><!-- If data is an array and returned from API, loop over it and render each -->
          <!--v-if-->
        </div>
        <div>
          <!-- Title -->
          <p class="large text-brand-wine dark:text-white font-semibold text-sm uppercase tracking-wider mb-0 mt-4" v:if="record.title">Access Notes</p><!-- If no data for this key, em-dash -->
          <div class="text-neutral-500"> — </div><!-- If data is an array and returned from API, loop over it and render each -->
          <!--v-if-->
        </div>
      </div>
    </div>
    <div class="flex self-stretch flex-col text-lg">
      <div class="border border-neutral-400 h-full leading-snug p-3 mt-8">
        <h2 class="text-xl font-semibold line-clamp-2">Agency</h2><!-- Within each card, the items listed -->
        <div>
          <!-- Title -->
          <p class="large text-brand-wine dark:text-white font-semibold text-sm uppercase tracking-wider mb-0 mt-4" v:if="record.title">Name</p><!-- If no data for this key, em-dash -->
          <!--v-if-->
          <!-- If data is an array and returned from API, loop over it and render each -->
          <!-- Otherwise, if single item returned from API, render that item  -->
          <!-- TODO: Abstract this duplicate logic into a render function (https://vuejs.org/guide/extras/render-function) to decrease repetition  -->
          <button class="pdap-button pdap-button-tertiary decoration-solid decoration-[6%] text-brand-gold  underline-offset-[5%] hover:brightness-85 small p-0 font-normal text-lg" href="Chicago Police Department - IL">Chicago Police Department - IL</button>
        </div>
        <div>
          <!-- Title -->
          <p class="large text-brand-wine dark:text-white font-semibold text-sm uppercase tracking-wider mb-0 mt-4" v:if="record.title">State</p><!-- If no data for this key, em-dash -->
          <!--v-if-->
          <!-- If data is an array and returned from API, loop over it and render each -->
          <!-- Otherwise, if single item returned from API, render that item  -->
          <!-- TODO: Abstract this duplicate logic into a render function (https://vuejs.org/guide/extras/render-function) to decrease repetition  -->
          <p class href="IL">IL</p>
        </div>
        <div>
          <!-- Title -->
          <p class="large text-brand-wine dark:text-white font-semibold text-sm uppercase tracking-wider mb-0 mt-4" v:if="record.title">County</p><!-- If no data for this key, em-dash -->
          <!--v-if-->
          <!-- If data is an array and returned from API, loop over it and render each -->
          <div>
            <p class href="Cook">Cook</p>
          </div>
        </div>
        <div>
          <!-- Title -->
          <p class="large text-brand-wine dark:text-white font-semibold text-sm uppercase tracking-wider mb-0 mt-4" v:if="record.title">Municipality</p><!-- If no data for this key, em-dash -->
          <!--v-if-->
          <!-- If data is an array and returned from API, loop over it and render each -->
          <!-- Otherwise, if single item returned from API, render that item  -->
          <!-- TODO: Abstract this duplicate logic into a render function (https://vuejs.org/guide/extras/render-function) to decrease repetition  -->
          <p class href="Chicago">Chicago</p>
        </div>
        <div>
          <!-- Title -->
          <p class="large text-brand-wine dark:text-white font-semibold text-sm uppercase tracking-wider mb-0 mt-4" v:if="record.title">Agency Type</p><!-- If no data for this key, em-dash -->
          <!--v-if-->
          <!-- If data is an array and returned from API, loop over it and render each -->
          <!-- Otherwise, if single item returned from API, render that item  -->
          <!-- TODO: Abstract this duplicate logic into a render function (https://vuejs.org/guide/extras/render-function) to decrease repetition  -->
          <p class href="law enforcement/police">law enforcement/police</p>
        </div>
        <div>
          <!-- Title -->
          <p class="large text-brand-wine dark:text-white font-semibold text-sm uppercase tracking-wider mb-0 mt-4" v:if="record.title">Jurisdiction Type</p><!-- If no data for this key, em-dash -->
          <!--v-if-->
          <!-- If data is an array and returned from API, loop over it and render each -->
          <!-- Otherwise, if single item returned from API, render that item  -->
          <!-- TODO: Abstract this duplicate logic into a render function (https://vuejs.org/guide/extras/render-function) to decrease repetition  -->
          <p class href="local">local</p>
        </div>
      </div>
    </div>
    <div class="flex self-stretch flex-col text-lg">
      <div class="border border-neutral-400 h-full leading-snug p-3 mt-8">
        <h2 class="text-xl font-semibold line-clamp-2">Provenance</h2><!-- Within each card, the items listed -->
        <div>
          <!-- Title -->
          <p class="large text-brand-wine dark:text-white font-semibold text-sm uppercase tracking-wider mb-0 mt-4" v:if="record.title">Agency Supplied</p><!-- If no data for this key, em-dash -->
          <!--v-if-->
          <!-- If data is an array and returned from API, loop over it and render each -->
          <!-- Otherwise, if single item returned from API, render that item  -->
          <!-- TODO: Abstract this duplicate logic into a render function (https://vuejs.org/guide/extras/render-function) to decrease repetition  -->
          <p class href="true">true</p>
        </div>
        <div>
          <!-- Title -->
          <p class="large text-brand-wine dark:text-white font-semibold text-sm uppercase tracking-wider mb-0 mt-4" v:if="record.title">Supplying Entity</p><!-- If no data for this key, em-dash -->
          <div class="text-neutral-500"> — </div><!-- If data is an array and returned from API, loop over it and render each -->
          <!--v-if-->
        </div>
        <div>
          <!-- Title -->
          <p class="large text-brand-wine dark:text-white font-semibold text-sm uppercase tracking-wider mb-0 mt-4" v:if="record.title">Agency Originated</p><!-- If no data for this key, em-dash -->
          <div class="text-neutral-500"> — </div><!-- If data is an array and returned from API, loop over it and render each -->
          <!--v-if-->
        </div>
        <div>
          <!-- Title -->
          <p class="large text-brand-wine dark:text-white font-semibold text-sm uppercase tracking-wider mb-0 mt-4" v:if="record.title">Originating Entity</p><!-- If no data for this key, em-dash -->
          <div class="text-neutral-500"> — </div><!-- If data is an array and returned from API, loop over it and render each -->
          <!--v-if-->
        </div>
      </div>
    </div>
    <div class="flex self-stretch flex-col text-lg">
      <div class="border border-neutral-400 h-full leading-snug p-3 mt-8">
        <h2 class="text-xl font-semibold line-clamp-2">Coverage & retention</h2><!-- Within each card, the items listed -->
        <div>
          <!-- Title -->
          <p class="large text-brand-wine dark:text-white font-semibold text-sm uppercase tracking-wider mb-0 mt-4" v:if="record.title">Coverage Start Date</p><!-- If no data for this key, em-dash -->
          <!--v-if-->
          <!-- If data is an array and returned from API, loop over it and render each -->
          <!-- Otherwise, if single item returned from API, render that item  -->
          <!-- TODO: Abstract this duplicate logic into a render function (https://vuejs.org/guide/extras/render-function) to decrease repetition  -->
          <p class href="2019-01-01">2018</p>
        </div>
        <div>
          <!-- Title -->
          <p class="large text-brand-wine dark:text-white font-semibold text-sm uppercase tracking-wider mb-0 mt-4" v:if="record.title">Coverage End Date</p><!-- If no data for this key, em-dash -->
          <div class="text-neutral-500"> — </div><!-- If data is an array and returned from API, loop over it and render each -->
          <!--v-if-->
        </div>
        <div>
          <!-- Title -->
          <p class="large text-brand-wine dark:text-white font-semibold text-sm uppercase tracking-wider mb-0 mt-4" v:if="record.title">Source Last Updated</p><!-- If no data for this key, em-dash -->
          <div class="text-neutral-500"> — </div><!-- If data is an array and returned from API, loop over it and render each -->
          <!--v-if-->
        </div>
        <div>
          <!-- Title -->
          <p class="large text-brand-wine dark:text-white font-semibold text-sm uppercase tracking-wider mb-0 mt-4" v:if="record.title">Update Frequency</p><!-- If no data for this key, em-dash -->
          <!--v-if-->
          <!-- If data is an array and returned from API, loop over it and render each -->
          <!-- Otherwise, if single item returned from API, render that item  -->
          <!-- TODO: Abstract this duplicate logic into a render function (https://vuejs.org/guide/extras/render-function) to decrease repetition  -->
          <p class href="Bi-weekly">Bi-weekly</p>
        </div>
        <div>
          <!-- Title -->
          <p class="large text-brand-wine dark:text-white font-semibold text-sm uppercase tracking-wider mb-0 mt-4" v:if="record.title">Update Method</p><!-- If no data for this key, em-dash -->
          <div class="text-neutral-500"> — </div><!-- If data is an array and returned from API, loop over it and render each -->
          <!--v-if-->
        </div>
        <div>
          <!-- Title -->
          <p class="large text-brand-wine dark:text-white font-semibold text-sm uppercase tracking-wider mb-0 mt-4" v:if="record.title">Retention Schedule</p><!-- If no data for this key, em-dash -->
          <div class="text-neutral-500"> — </div><!-- If data is an array and returned from API, loop over it and render each -->
          <!--v-if-->
        </div>
        <div>
          <!-- Title -->
          <p class="large text-brand-wine dark:text-white font-semibold text-sm uppercase tracking-wider mb-0 mt-4" v:if="record.title">Number of Records Available</p><!-- If no data for this key, em-dash -->
          <div class="text-neutral-500"> — </div><!-- If data is an array and returned from API, loop over it and render each -->
          <!--v-if-->
        </div>
      </div>
    </div>
    <div class="flex self-stretch flex-col text-lg">
      <div class="border border-neutral-400 h-full leading-snug p-3 mt-8">
        <h2 class="text-xl font-semibold line-clamp-2">Data Source Meta</h2><!-- Within each card, the items listed -->
        <div>
          <!-- Title -->
          <p class="large text-brand-wine dark:text-white font-semibold text-sm uppercase tracking-wider mb-0 mt-4" v:if="record.title">Scraper URL</p><!-- If no data for this key, em-dash -->
          <div class="text-neutral-500"> — </div><!-- If data is an array and returned from API, loop over it and render each -->
          <!--v-if-->
        </div>
        <div>
          <!-- Title -->
          <p class="large text-brand-wine dark:text-white font-semibold text-sm uppercase tracking-wider mb-0 mt-4" v:if="record.title">Created</p><!-- If no data for this key, em-dash -->
          <!--v-if-->
          <!-- If data is an array and returned from API, loop over it and render each -->
          <!-- Otherwise, if single item returned from API, render that item  -->
          <!-- TODO: Abstract this duplicate logic into a render function (https://vuejs.org/guide/extras/render-function) to decrease repetition  -->
          <p class href="2022-09-28">09/27/2022</p>
        </div>
        <div>
          <!-- Title -->
          <p class="large text-brand-wine dark:text-white font-semibold text-sm uppercase tracking-wider mb-0 mt-4" v:if="record.title">Agency ID</p><!-- If no data for this key, em-dash -->
          <!--v-if-->
          <!-- If data is an array and returned from API, loop over it and render each -->
          <!-- Otherwise, if single item returned from API, render that item  -->
          <!-- TODO: Abstract this duplicate logic into a render function (https://vuejs.org/guide/extras/render-function) to decrease repetition  -->
          <p class href="recv9fMNEQTbVarj2">recv9fMNEQTbVarj2</p>
        </div>
        <div>
          <!-- Title -->
          <p class="large text-brand-wine dark:text-white font-semibold text-sm uppercase tracking-wider mb-0 mt-4" v:if="record.title">Data Source ID</p><!-- If no data for this key, em-dash -->
          <!--v-if-->
          <!-- If data is an array and returned from API, loop over it and render each -->
          <!-- Otherwise, if single item returned from API, render that item  -->
          <!-- TODO: Abstract this duplicate logic into a render function (https://vuejs.org/guide/extras/render-function) to decrease repetition  -->
          <p class href="rec00T2YLS2jU7Tbn">rec00T2YLS2jU7Tbn</p>
        </div>
      </div>
    </div>
  </div>
</main>
`;
