// Vitest Snapshot v1, https://vitest.dev/guide/snapshot.html

exports[`ErrorBoundary > renders error content with error 1`] = `
<div class="pdap-flex-container-center h-[full]">
  <h1>Oops, something went wrong!</h1>
  <p class="max-w-full"> If you keep seeing this message, please email <a href="mailto:contact@pdap.io">contact@pdap.io</a> for assistance. </p>
</div>
`;

exports[`ErrorBoundary > renders slot content with no error 1`] = `<div></div>`;
