// Vitest Snapshot v1, https://vitest.dev/guide/snapshot.html

exports[`TypeaheadInput > emits onBlur event 1`] = `
<div class="pdap-typeahead" id="undefined_wrapper">
  <input autocomplete="off" class="pdap-typeahead-input" placeholder type="text">
  <!--v-if-->
</div>
`;

exports[`TypeaheadInput > emits onFocus event and clears input if no items 1`] = `
<div class="pdap-typeahead" id="undefined_wrapper">
  <input autocomplete="off" class="pdap-typeahead-input" placeholder type="text">
  <!--v-if-->
</div>
`;

exports[`TypeaheadInput > emits onInput event 1`] = `
<div class="pdap-typeahead" id="undefined_wrapper">
  <input autocomplete="off" class="pdap-typeahead-input" placeholder type="text">
  <!--v-if-->
</div>
`;

exports[`TypeaheadInput > focuses input on arrow up from first list item 1`] = `
<div class="pdap-typeahead" id="undefined_wrapper">
  <input autocomplete="off" class="pdap-typeahead-input" placeholder type="text">
  <ul class="pdap-typeahead-list">
    <li class="pdap-typeahead-list-item" role="button" tabindex="0">
      <!-- This implementation is extremely coupled to the PDAP /search functionality. If we want to use it elsewhere, we'll need to develop a slot and/or render function mechanism instead -->
      <!-- eslint-disable-next-line vue/no-v-html This data is coming from our API, so we can trust it-->
      <span>
        <strong>Lev</strong>elland Hockley TX
      </span>
      <span class="locale-type">Locality</span>
      <span class="select">Select</span>
    </li>
    <li class="pdap-typeahead-list-item" role="button" tabindex="0">
      <!-- This implementation is extremely coupled to the PDAP /search functionality. If we want to use it elsewhere, we'll need to develop a slot and/or render function mechanism instead -->
      <!-- eslint-disable-next-line vue/no-v-html This data is coming from our API, so we can trust it-->
      <span>
        <strong>Lev</strong>erett Franklin MA
      </span>
      <span class="locale-type">Locality</span>
      <span class="select">Select</span>
    </li>
    <li class="pdap-typeahead-list-item" role="button" tabindex="0">
      <!-- This implementation is extremely coupled to the PDAP /search functionality. If we want to use it elsewhere, we'll need to develop a slot and/or render function mechanism instead -->
      <!-- eslint-disable-next-line vue/no-v-html This data is coming from our API, so we can trust it-->
      <span>
        <strong>Lev</strong>y FL
      </span>
      <span class="locale-type">County</span>
      <span class="select">Select</span>
    </li>
    <li class="pdap-typeahead-list-item" role="button" tabindex="0">
      <!-- This implementation is extremely coupled to the PDAP /search functionality. If we want to use it elsewhere, we'll need to develop a slot and/or render function mechanism instead -->
      <!-- eslint-disable-next-line vue/no-v-html This data is coming from our API, so we can trust it-->
      <span>Bel<strong>lev</strong>iew Marion FL</span>
      <span class="locale-type">Locality</span>
      <span class="select">Select</span>
    </li>
  </ul>
</div>
`;

exports[`TypeaheadInput > focuses next list item on arrow down 1`] = `
<div class="pdap-typeahead" id="undefined_wrapper">
  <input autocomplete="off" class="pdap-typeahead-input" placeholder type="text">
  <ul class="pdap-typeahead-list">
    <li class="pdap-typeahead-list-item" role="button" tabindex="0">
      <!-- This implementation is extremely coupled to the PDAP /search functionality. If we want to use it elsewhere, we'll need to develop a slot and/or render function mechanism instead -->
      <!-- eslint-disable-next-line vue/no-v-html This data is coming from our API, so we can trust it-->
      <span>
        <strong>Lev</strong>elland Hockley TX
      </span>
      <span class="locale-type">Locality</span>
      <span class="select">Select</span>
    </li>
    <li class="pdap-typeahead-list-item" role="button" tabindex="0">
      <!-- This implementation is extremely coupled to the PDAP /search functionality. If we want to use it elsewhere, we'll need to develop a slot and/or render function mechanism instead -->
      <!-- eslint-disable-next-line vue/no-v-html This data is coming from our API, so we can trust it-->
      <span>
        <strong>Lev</strong>erett Franklin MA
      </span>
      <span class="locale-type">Locality</span>
      <span class="select">Select</span>
    </li>
    <li class="pdap-typeahead-list-item" role="button" tabindex="0">
      <!-- This implementation is extremely coupled to the PDAP /search functionality. If we want to use it elsewhere, we'll need to develop a slot and/or render function mechanism instead -->
      <!-- eslint-disable-next-line vue/no-v-html This data is coming from our API, so we can trust it-->
      <span>
        <strong>Lev</strong>y FL
      </span>
      <span class="locale-type">County</span>
      <span class="select">Select</span>
    </li>
    <li class="pdap-typeahead-list-item" role="button" tabindex="0">
      <!-- This implementation is extremely coupled to the PDAP /search functionality. If we want to use it elsewhere, we'll need to develop a slot and/or render function mechanism instead -->
      <!-- eslint-disable-next-line vue/no-v-html This data is coming from our API, so we can trust it-->
      <span>Bel<strong>lev</strong>iew Marion FL</span>
      <span class="locale-type">Locality</span>
      <span class="select">Select</span>
    </li>
  </ul>
</div>
`;

exports[`TypeaheadInput > focuses previous list item on arrow up 1`] = `
<div class="pdap-typeahead" id="undefined_wrapper">
  <input autocomplete="off" class="pdap-typeahead-input" placeholder type="text">
  <ul class="pdap-typeahead-list">
    <li class="pdap-typeahead-list-item" role="button" tabindex="0">
      <!-- This implementation is extremely coupled to the PDAP /search functionality. If we want to use it elsewhere, we'll need to develop a slot and/or render function mechanism instead -->
      <!-- eslint-disable-next-line vue/no-v-html This data is coming from our API, so we can trust it-->
      <span>
        <strong>Lev</strong>elland Hockley TX
      </span>
      <span class="locale-type">Locality</span>
      <span class="select">Select</span>
    </li>
    <li class="pdap-typeahead-list-item" role="button" tabindex="0">
      <!-- This implementation is extremely coupled to the PDAP /search functionality. If we want to use it elsewhere, we'll need to develop a slot and/or render function mechanism instead -->
      <!-- eslint-disable-next-line vue/no-v-html This data is coming from our API, so we can trust it-->
      <span>
        <strong>Lev</strong>erett Franklin MA
      </span>
      <span class="locale-type">Locality</span>
      <span class="select">Select</span>
    </li>
    <li class="pdap-typeahead-list-item" role="button" tabindex="0">
      <!-- This implementation is extremely coupled to the PDAP /search functionality. If we want to use it elsewhere, we'll need to develop a slot and/or render function mechanism instead -->
      <!-- eslint-disable-next-line vue/no-v-html This data is coming from our API, so we can trust it-->
      <span>
        <strong>Lev</strong>y FL
      </span>
      <span class="locale-type">County</span>
      <span class="select">Select</span>
    </li>
    <li class="pdap-typeahead-list-item" role="button" tabindex="0">
      <!-- This implementation is extremely coupled to the PDAP /search functionality. If we want to use it elsewhere, we'll need to develop a slot and/or render function mechanism instead -->
      <!-- eslint-disable-next-line vue/no-v-html This data is coming from our API, so we can trust it-->
      <span>Bel<strong>lev</strong>iew Marion FL</span>
      <span class="locale-type">Locality</span>
      <span class="select">Select</span>
    </li>
  </ul>
</div>
`;
