// Vitest Snapshot v1, https://vitest.dev/guide/snapshot.html

exports[`TypeaheadInput > emits onBlur event 1`] = `
<div class="pdap-typeahead" id="undefined_wrapper">
  <!--v-if-->
  <!--v-if-->
  <input autocomplete="off" class="pdap-typeahead-input" placeholder type="text">
  <!--v-if-->
</div>
`;

exports[`TypeaheadInput > emits onFocus event and clears input if no items 1`] = `
<div class="pdap-typeahead" id="undefined_wrapper">
  <!--v-if-->
  <!--v-if-->
  <input autocomplete="off" class="pdap-typeahead-input" placeholder type="text">
  <!--v-if-->
</div>
`;

exports[`TypeaheadInput > emits onInput event 1`] = `
<div class="pdap-typeahead" id="undefined_wrapper">
  <!--v-if-->
  <!--v-if-->
  <input autocomplete="off" class="pdap-typeahead-input" placeholder type="text">
  <!--v-if-->
</div>
`;

exports[`TypeaheadInput > focuses input on arrow up from first list item 1`] = `
<div class="pdap-typeahead" id="undefined_wrapper">
  <!--v-if-->
  <!--v-if-->
  <input autocomplete="off" class="pdap-typeahead-input" placeholder type="text">
  <ul class="pdap-typeahead-list">
    <li class="pdap-typeahead-list-item" role="button" tabindex="0">
      <span>
        <strong>Lev</strong>antine
      </span>
    </li>
    <li class="pdap-typeahead-list-item" role="button" tabindex="0">
      <span>
        <strong>Lev</strong>iathan
      </span>
    </li>
    <li class="pdap-typeahead-list-item" role="button" tabindex="0">
      <span>
        <strong>Lev</strong>i
      </span>
    </li>
    <li class="pdap-typeahead-list-item" role="button" tabindex="0">
      <span>
        <strong>Lev</strong>ant
      </span>
    </li>
  </ul>
</div>
`;

exports[`TypeaheadInput > focuses next list item on arrow down 1`] = `
<div class="pdap-typeahead" id="undefined_wrapper">
  <!--v-if-->
  <!--v-if-->
  <input autocomplete="off" class="pdap-typeahead-input" placeholder type="text">
  <ul class="pdap-typeahead-list">
    <li class="pdap-typeahead-list-item" role="button" tabindex="0">
      <span>
        <strong>Lev</strong>antine
      </span>
    </li>
    <li class="pdap-typeahead-list-item" role="button" tabindex="0">
      <span>
        <strong>Lev</strong>iathan
      </span>
    </li>
    <li class="pdap-typeahead-list-item" role="button" tabindex="0">
      <span>
        <strong>Lev</strong>i
      </span>
    </li>
    <li class="pdap-typeahead-list-item" role="button" tabindex="0">
      <span>
        <strong>Lev</strong>ant
      </span>
    </li>
  </ul>
</div>
`;

exports[`TypeaheadInput > focuses previous list item on arrow up 1`] = `
<div class="pdap-typeahead" id="undefined_wrapper">
  <!--v-if-->
  <!--v-if-->
  <input autocomplete="off" class="pdap-typeahead-input" placeholder type="text">
  <ul class="pdap-typeahead-list">
    <li class="pdap-typeahead-list-item" role="button" tabindex="0">
      <span>
        <strong>Lev</strong>antine
      </span>
    </li>
    <li class="pdap-typeahead-list-item" role="button" tabindex="0">
      <span>
        <strong>Lev</strong>iathan
      </span>
    </li>
    <li class="pdap-typeahead-list-item" role="button" tabindex="0">
      <span>
        <strong>Lev</strong>i
      </span>
    </li>
    <li class="pdap-typeahead-list-item" role="button" tabindex="0">
      <span>
        <strong>Lev</strong>ant
      </span>
    </li>
  </ul>
</div>
`;
